--------- EXTRACT_BITS_TEST ---------
0b1101
0b11
0b11011110
0b1010
0b1
SystemClock::Endless stopped
