//////////////////////////PORT_A////////////////////////
DDRA: 1
PORTA: 0
PORTA: 1
PORTA: 0
PORTA: 1
Led state: 1
Led state: 0
PORTA: 0
Led state: 0
Led state: 1

DDRA: 33
PORTA: 0
PORTA: 32
PORTA: 0
PORTA: 32
Led state: 1
Led state: 0
PORTA: 0
Led state: 0
Led state: 1
//////////////////////////PORT_B////////////////////////
DDRB: 2
PORTB: 0
PORTB: 0
PORTB: 2
PORTB: 0
Led state: 1
Led state: 0
PORTB: 2
Led state: 0
Led state: 1

DDRB: 6
PORTB: 2
PORTB: 6
PORTB: 2
PORTB: 6
Led state: 1
Led state: 0
PORTB: 2
Led state: 0
Led state: 1
//////////////////////////PORT_C////////////////////////
DDRC: 8
PORTC: 0
PORTC: 8
PORTC: 0
PORTC: 8
Led state: 1
Led state: 0
PORTC: 0
Led state: 0
Led state: 1

DDRC: 24
PORTC: 0
PORTC: 16
PORTC: 0
PORTC: 16
Led state: 1
Led state: 0
PORTC: 0
Led state: 0
Led state: 1
//////////////////////////PORT_D////////////////////////
DDRD: 64
PORTD: 0
PORTD: 64
PORTD: 0
PORTC: 64
Led state: 1
Led state: 0
PORTD: 0
Led state: 0
Led state: 1

DDRD: 192
PORTD: 0
PORTD: 128
PORTD: 0
PORTC: 128
Led state: 1
Led state: 0
PORTD: 0
Led state: 0
Led state: 1
SystemClock::Endless stopped
