Test results: 
255
255
240
240
0
0
15
15
1
1
1
1
0
0b11110011
0b11110111
5
3
0b00011100
SystemClock::Endless stopped
