//////////////////////////GPIO_A////////////////////////
DDRA: 2
DDRA: 0
DDRA: 255
PORTA: 1
PORTA: 0
PORTA: 255
PORTA: 0
DDRA: 127
PORTA: 128
DDRA: 0
PORTA: 128
//////////////////////////GPIO_B////////////////////////
DDRB: 2
DDRB: 0
DDRB: 255
PORTB: 1
PORTB: 0
PORTB: 255
PORTB 0
DDRB: 127
PORTB: 128
DDRB: 0
PORTB: 128
//////////////////////////GPIO_C////////////////////////
DDRC: 2
DDRC: 0
DDRC: 255
PORTC: 1
PORTC: 0
PORTC: 255
PORTC 0
DDRC: 127
PORTC: 128
DDRC: 0
PORTC: 128
//////////////////////////GPIO_D////////////////////////
DDRD: 2
DDRD: 0
DDRD: 255
PORTD: 1
PORTD: 0
PORTD: 255
PORTD 0
DDRD: 127
PORTD: 128
DDRD: 0
PORTD: 128
0
11111111
1111
11001000
100
SystemClock::Endless stopped
