**********************
ADMUX: 0b100000
ADCSRA: 0b10100000
ADCL: 0b0
ADCH: 0b0
SFIOR: 0b0
**********************
ADMUX: 0b1000000
ADCSRA: 0b10100010
ADCL: 0b0
ADCH: 0b0
SFIOR: 0b11100000
**********************
ADMUX: 0b11000000
ADCSRA: 0b10100011
ADCL: 0b0
ADCH: 0b0
SFIOR: 0b1000000
**********************
ADMUX: 0b0
ADCSRA: 0b10100100
ADCL: 0b0
ADCH: 0b0
SFIOR: 0b1100000
**********************
ADMUX: 0b0
ADCSRA: 0b10100101
ADCL: 0b0
ADCH: 0b0
SFIOR: 0b10000000
**********************
ADMUX: 0b0
ADCSRA: 0b10100110
ADCL: 0b0
ADCH: 0b0
SFIOR: 0b11000000
**********************
ADMUX: 0b0
ADCSRA: 0b10100111
ADCL: 0b0
ADCH: 0b0
SFIOR: 0b10100000
**********************
ADMUX: 0b0
ADCSRA: 0b100111
ADCL: 0b0
ADCH: 0b0
SFIOR: 0b0
**********************
ADMUX: 0b0
ADCSRA: 0b10100111
ADCL: 0b0
ADCH: 0b0
SFIOR: 0b10000
*********CHANNELS*************
ADMUX: 0b1
ADMUX: 0b10
ADMUX: 0b11
ADMUX: 0b100
ADMUX: 0b101
ADMUX: 0b110
ADMUX: 0b111
ADMUX: 0b1000
ADMUX: 0b1001
ADMUX: 0b1010
ADMUX: 0b1011
ADMUX: 0b1100
ADMUX: 0b1101
ADMUX: 0b1110
ADMUX: 0b1111
ADMUX: 0b10000
ADMUX: 0b11000
ADMUX: 0b10001
ADMUX: 0b11001
ADMUX: 0b10010
ADMUX: 0b11010
ADMUX: 0b10011
ADMUX: 0b11011
ADMUX: 0b10100
ADMUX: 0b11100
ADMUX: 0b10101
ADMUX: 0b11101
ADMUX: 0b10110
ADMUX: 0b10111
ADMUX: 0b11110
ADMUX: 0b11111
ADMUX: 0b0
*********GET ADJUST MODE*************
ResultAdjustMode: 1
ADMUX: 0b0
ResultAdjustMode: 0
ADMUX: 0b100000
SystemClock::Endless stopped
